Series: "Tokyo Ghoul:Re"
Chapter: 110.0

